<html>
<body>
<pre>
<h1>µVision Build Log</h1>
<h2>Tool Versions:</h2>
IDE-Version: ¦ÌVision V5.20.0.0
Copyright (C) 2016 ARM Ltd and ARM Germany GmbH. All rights reserved.
License Information: 11111 22222, 33333, LIC=9WSII-T3DG4-WEHH7-EH8ZD-RS74D-EQYKR
 
Tool Versions:
Toolchain:       MDK-ARM Plus  Version: 5.20
Toolchain Path:  F:\controler\ARM\ARMCC\Bin
C Compiler:      Armcc.exe V5.06 update 2 (build 183)
Assembler:       Armasm.exe V5.06 update 2 (build 183)
Linker/Locator:  ArmLink.exe V5.06 update 2 (build 183)
Library Manager: ArmAr.exe V5.06 update 2 (build 183)
Hex Converter:   FromElf.exe V5.06 update 2 (build 183)
CPU DLL:         SARMCM3.DLL V5.20
Dialog DLL:      DARMCM1.DLL V1.14.0.0
Target DLL:      Segger\JL2CM3.dll V2.99.20.0
Dialog DLL:      TARMCM1.DLL V1.10.0.0
 
<h2>Project:</h2>
F:\software-dangpianji\final project\output\final project.uvprojx
Project File Date:  05/26/2017

<h2>Output:</h2>
*** Using Compiler 'V5.06 update 2 (build 183)', folder: 'F:\controler\ARM\ARMCC\Bin'
Rebuild target 'final project'
compiling ADC.c...
..\src\UART.h(4): warning:  #1295-D: Deprecated declaration UART_Init - give arg types
  void UART_Init();
..\src\UART.h(7): warning:  #1-D: last line of file ends without a newline
  #endif
..\src\ADC.c(75): warning:  #550-D: variable "tempBuf1" was set but never used
  	uint32_t tempBuf1;
..\src\ADC.c(76): warning:  #550-D: variable "tempBuf2" was set but never used
  	uint32_t tempBuf2;
..\src\ADC.c(77): warning:  #177-D: variable "real_temp" was declared but never referenced
  	uint32_t real_temp;
..\src\ADC.c(138): warning:  #1-D: last line of file ends without a newline
  		
..\src\ADC.c: 6 warnings, 0 errors
compiling KEY.c...
..\src\KEY.c(38): warning:  #1-D: last line of file ends without a newline
  	}
..\src\KEY.c: 1 warning, 0 errors
compiling main.c...
..\src\ADC.h(8): warning:  #1-D: last line of file ends without a newline
  #endif
..\src\UART.h(4): warning:  #1295-D: Deprecated declaration UART_Init - give arg types
  void UART_Init();
..\src\UART.h(7): warning:  #1-D: last line of file ends without a newline
  #endif
..\src\LCD1602.h(87): warning:  #1-D: last line of file ends without a newline
  #endif
..\src\main.c(14): warning:  #1-D: last line of file ends without a newline
  } 
..\src\main.c: 5 warnings, 0 errors
assembling startup_LPC11xx.s...
compiling UART.c...
..\src\UART.c(54): warning:  #1-D: last line of file ends without a newline
  }
..\src\UART.c: 1 warning, 0 errors
compiling LCD1602.c...
compiling system_LPC11xx.c...
linking...
Program Size: Code=7452 RO-data=464 RW-data=1228 ZI-data=628  
".\final project.axf" - 0 Error(s), 13 Warning(s).

<h2>Software Packages used:</h2>

Package Vendor: ARM
                http://www.keil.com/pack/ARM.CMSIS.4.5.0.pack
                ARM::CMSIS:CORE:4.3.0
                CMSIS (Cortex Microcontroller Software Interface Standard)
   * Component: CORE Version: 4.3.0

Package Vendor: Keil
                http://www.keil.com/pack/Keil.LPC1100_DFP.1.4.0.pack
                Keil::Device:Startup:1.0.0
                NXP LPC1100 Series Device Support
   * Component: Startup Version: 1.0.0

<h2>Collection of Component include folders:</h2>
  F:\software-dangpianji\final project\output\RTE
  F:\controler\ARM\PACK\ARM\CMSIS\4.5.0\CMSIS\Include
  F:\controler\ARM\PACK\Keil\LPC1100_DFP\1.4.0\Device\Include\LPC11xx

<h2>Collection of Component Files used:</h2>

   * Component: ARM::CMSIS:CORE:4.3.0

   * Component: Keil::Device:Startup:1.0.0
      Source file:   Device\Source\ARM\startup_LPC11xx.s
      Source file:   Device\Source\system_LPC11xx.c
Build Time Elapsed:  00:00:04
</pre>
</body>
</html>
